C51 COMPILER V9.00   BUZZ                                                                  12/05/2016 13:30:55 PAGE 1   


C51 COMPILER V9.00, COMPILATION OF MODULE BUZZ
OBJECT MODULE PLACED IN .\hex\buzz.obj
COMPILER INVOKED BY: D:\Keil4 for 51\C51\BIN\C51.EXE buzz.c BROWSE DEBUG OBJECTEXTEND OBJECT(.\hex\buzz.obj)

line level    source

   1          #include "buzz.h"
   2          #include "delay.h"
   3          
   4          void Buzz_Init(void)
   5          {
   6   1              buzz=1;
   7   1      }
   8          void Buzz_Times(unsigned char times)
   9          {
  10   1              unsigned char i=0;
  11   1              for(i=0;i<times;i++)
  12   1              {
  13   2                       buzz=0;
  14   2                       Delay_Ms(200);
  15   2                       buzz=1;
  16   2                       Delay_Ms(200);
  17   2              }
  18   1      }


MODULE INFORMATION:   STATIC OVERLAYABLE
   CODE SIZE        =     40    ----
   CONSTANT SIZE    =   ----    ----
   XDATA SIZE       =   ----    ----
   PDATA SIZE       =   ----    ----
   DATA SIZE        =   ----       2
   IDATA SIZE       =   ----    ----
   BIT SIZE         =   ----    ----
END OF MODULE INFORMATION.


C51 COMPILATION COMPLETE.  0 WARNING(S),  0 ERROR(S)
