C51 COMPILER V9.00   KEY                                                                   12/05/2016 13:30:54 PAGE 1   


C51 COMPILER V9.00, COMPILATION OF MODULE KEY
OBJECT MODULE PLACED IN .\hex\key.obj
COMPILER INVOKED BY: D:\Keil4 for 51\C51\BIN\C51.EXE key.c BROWSE DEBUG OBJECTEXTEND OBJECT(.\hex\key.obj)

line level    source

   1          #include"key.h"
   2          #include<reg52.h>
   3          
   4          void Key_Init(void)
   5          {
   6   1              KEY_UP=1;         //定义按键输入端口
   7   1              KEY_DOWN=1;
   8   1              KEY_OK=1;
   9   1              KEY_CANCEL=1;
  10   1      }


MODULE INFORMATION:   STATIC OVERLAYABLE
   CODE SIZE        =      9    ----
   CONSTANT SIZE    =   ----    ----
   XDATA SIZE       =   ----    ----
   PDATA SIZE       =   ----    ----
   DATA SIZE        =   ----    ----
   IDATA SIZE       =   ----    ----
   BIT SIZE         =   ----    ----
END OF MODULE INFORMATION.


C51 COMPILATION COMPLETE.  0 WARNING(S),  0 ERROR(S)
