C51 COMPILER V9.00   LED                                                                   12/05/2016 13:30:55 PAGE 1   


C51 COMPILER V9.00, COMPILATION OF MODULE LED
OBJECT MODULE PLACED IN .\hex\led.obj
COMPILER INVOKED BY: D:\Keil4 for 51\C51\BIN\C51.EXE led.c BROWSE DEBUG OBJECTEXTEND OBJECT(.\hex\led.obj)

line level    source

   1          #include "led.h"
   2          #include "delay.h"
   3          
   4          void Led_Init(void)
   5          {
   6   1              led_green=1;
   7   1              led_yellow=1;
   8   1      }
   9          void Led_Green_On(void)
  10          {
  11   1               led_green=0;
  12   1      }
  13          void Led_Green_Off(void)
  14          {
  15   1               led_green=1;
  16   1      }
  17          
  18          void Led_Yellow_On(void)
  19          {
  20   1                      led_yellow=0;
  21   1      }
  22          void Led_Yellow_Off(void)
  23          {
  24   1                      led_yellow=1;
  25   1      }


MODULE INFORMATION:   STATIC OVERLAYABLE
   CODE SIZE        =     17    ----
   CONSTANT SIZE    =   ----    ----
   XDATA SIZE       =   ----    ----
   PDATA SIZE       =   ----    ----
   DATA SIZE        =   ----    ----
   IDATA SIZE       =   ----    ----
   BIT SIZE         =   ----    ----
END OF MODULE INFORMATION.


C51 COMPILATION COMPLETE.  0 WARNING(S),  0 ERROR(S)
