C51 COMPILER V9.00   MAIN                                                                  09/21/2017 20:42:35 PAGE 1   


C51 COMPILER V9.00, COMPILATION OF MODULE MAIN
OBJECT MODULE PLACED IN .\hex\main.obj
COMPILER INVOKED BY: D:\work_ruanjian\keil3\C51\BIN\C51.EXE main.c BROWSE DEBUG OBJECTEXTEND OBJECT(.\hex\main.obj)

line level    source

   1          #include<reg52.h>
   2          #include<intrins.h>
   3          #include"buzz.h"
   4          #include"key.h"
   5          #include"uart.h"
   6          #include"delay.h"
   7          #include"FPM10A.h"
   8          #include"lcd_1602.h"
   9          
  10          void main()
  11          {                                                       
  12   1              LCD1602_Init();                 //初始化液晶
  13   1              LCD1602_Display(0x80,"Fingerprint Test",0,16);   //液晶开机显示界面
  14   1              Uart_Init();                    //初始化串口
  15   1              Key_Init();                             //初始化按键
  16   1              Delay_Ms(200);          //延时500MS，等待指纹模块复位
  17   1              Device_Check();                 //校对指纹模块是否接入正确，液晶做出相应的提示
  18   1              Delay_Ms(1000);                 //对接成功界面停留一定时间
  19   1              while(1)
  20   1              {
  21   2                  /**************进入主功能界面****************/
  22   2                      LCD1602_Display(0x80,"  search finger ",0,16);   //第一排显示搜索指纹
  23   2                      LCD1602_Display(0xc0,"  Add     delete",0,16);   //添加和删除指纹
  24   2                      if(local_date==0)
  25   2                      {
  26   3                              LCD1602_Display(0x80,  " *",0,2);
  27   3                              LCD1602_Display(0xc0,  "  ",0,2);
  28   3                              LCD1602_Display(0xc0+8,"  ",0,2);       
  29   3                      }
  30   2                      else if(local_date==1)
  31   2                      {
  32   3                              LCD1602_Display(0x80,  "  ",0,2);
  33   3                              LCD1602_Display(0xc0,  " *",0,2);
  34   3                              LCD1602_Display(0xc0+8,"  ",0,2);       
  35   3                      }
  36   2                      else if(local_date==2)
  37   2                      {
  38   3                              LCD1602_Display(0x80,  "  ",0,2);
  39   3                              LCD1602_Display(0xc0,  "  ",0,2);
  40   3                              LCD1602_Display(0xc0+8," *",0,2);       
  41   3                      }                       
  42   2                      //确认键
  43   2                      if(KEY_OK == 0)
  44   2                      {        
  45   3                              while(KEY_OK == 0);//等待松开按键                                                               
  46   3                              switch(local_date)
  47   3                              {
  48   4                                              case 0:  //搜索指纹                                             
  49   4                                              FPM10A_Find_Fingerprint();                                                                                                                                                                                              
  50   4                                              break;  
  51   4                                              
  52   4                                              case 1:  //添加指纹
  53   4                                              FPM10A_Add_Fingerprint();
  54   4                                              break;                                  
  55   4                                              
C51 COMPILER V9.00   MAIN                                                                  09/21/2017 20:42:35 PAGE 2   

  56   4                                              case 2: //清空指纹
  57   4                                              FPM10A_Delete_All_Fingerprint();
  58   4                                              break;
  59   4                                      }
  60   3                              }
  61   2                          //切换键
  62   2                              if(KEY_DOWN == 0)
  63   2                              {
  64   3                                      while(KEY_DOWN == 0); //等待松开按键                            
  65   3                                      if(local_date<=2)
  66   3                                      {
  67   4                                              local_date++;
  68   4                                              if(local_date==3)
  69   4                                                      local_date=0;                                           
  70   4                                      }               
  71   3                              }                                               
  72   2                              Delay_Ms(100); //延时判断100MS检测一次          
  73   2              }
  74   1      }


MODULE INFORMATION:   STATIC OVERLAYABLE
   CODE SIZE        =    274    ----
   CONSTANT SIZE    =     57    ----
   XDATA SIZE       =   ----    ----
   PDATA SIZE       =   ----    ----
   DATA SIZE        =   ----    ----
   IDATA SIZE       =   ----    ----
   BIT SIZE         =   ----    ----
END OF MODULE INFORMATION.


C51 COMPILATION COMPLETE.  0 WARNING(S),  0 ERROR(S)
